[DEBUG] PWM7046: value: Hardware updated: GPIO 23 is now at 0%
[DEBUG] PWM7046: value: Hardware updated: GPIO 24 is now at 0%
[DEBUG] PWM7046: value: Hardware updated: GPIO 21 is now at 0%
[DEBUG] PWM7046: value: Hardware updated: GPIO 22 is now at 0%
[DEBUG] PWM7046: value: Hardware updated: GPIO 26 is now at 0%
[DEBUG] PWM7046: value: Hardware updated: GPIO 25 is now at 0%
[DEBUG] PWM7046: value: Hardware updated: GPIO 20 is now at 0%
[DEBUG] PWM7046: value: Hardware updated: GPIO 19 is now at 0%
[DEBUG] PWM7046: value: Hardware updated: GPIO 13 is now at 0%
[DEBUG] PWM7046: value: Hardware updated: GPIO 16 is now at 0%
[DEBUG] MPU6050: _calibrate_gyro: Calibration complete. ω offset: {'x': -2.301412213740461, 'y': 1.4530916030534353, 'z': -0.18625954198473285}
[DEBUG] PWM7046: value: Hardware updated: GPIO 23 is now at 1%
[DEBUG] PWM7046: value: Hardware updated: GPIO 24 is now at 0%
[DEBUG] motor7046: speed: Motor speed is now: 1
[DEBUG] PWM7046: value: Hardware updated: GPIO 21 is now at 1%
[DEBUG] PWM7046: value: Hardware updated: GPIO 22 is now at 0%
[DEBUG] motor7046: speed: Motor speed is now: 1
[DEBUG] PWM7046: value: Hardware updated: GPIO 26 is now at 1%
[DEBUG] PWM7046: value: Hardware updated: GPIO 25 is now at 0%
[DEBUG] motor7046: speed: Motor speed is now: 1
[DEBUG] PWM7046: value: Hardware updated: GPIO 20 is now at 1%
[DEBUG] PWM7046: value: Hardware updated: GPIO 19 is now at 0%
[DEBUG] motor7046: speed: Motor speed is now: 1
[DEBUG] PWM7046: value: Hardware updated: GPIO 13 is now at 0%
[DEBUG] PWM7046: value: Hardware updated: GPIO 16 is now at 0%
[DEBUG] motor7046: stop: Motor speed is now: 0
[INFO] Hunt: goToBall: Going to Ball...
[INFO] PidCalc: pidCalc: --------------------pidCalc--------------------------
[INFO] PidCalc: pidCalc: Integral: -0.3961544002313423
[INFO] PidCalc: pidCalc: Derivative: 0
[INFO] PidCalc: pidCalc: Error: -0.88272728
[INFO] PidCalc: pidCalc: Speed: -0.04628953841156712
[INFO] PidCalc: pidCalc: Last Error: 0
[INFO] PidCalc: pidCalc: Dt: 0.44878458976745605
[INFO] PidCalc: pidCalc: ----------------------------------------------
[INFO] PidCalc: pidCalc: --------------------pidCalc--------------------------
[INFO] PidCalc: pidCalc: Integral: 1.692346095199585
[INFO] PidCalc: pidCalc: Derivative: 0
[INFO] PidCalc: pidCalc: Error: 3.7640832
[INFO] PidCalc: pidCalc: Speed: 3.349735779039917
[INFO] PidCalc: pidCalc: Last Error: 0
[INFO] PidCalc: pidCalc: Dt: 0.449603796005249
[INFO] PidCalc: pidCalc: ----------------------------------------------
[DEBUG] PWM7046: value: Hardware updated: GPIO 23 is now at 30.046289538411568%
[DEBUG] PWM7046: value: Hardware updated: GPIO 24 is now at 0%
[DEBUG] motor7046: speed: Motor speed is now: 30.046289538411568
[DEBUG] PWM7046: value: Hardware updated: GPIO 21 is now at 29.953710461588436%
[DEBUG] PWM7046: value: Hardware updated: GPIO 22 is now at 0%
[DEBUG] motor7046: speed: Motor speed is now: 29.953710461588436
[DEBUG] PWM7046: value: Hardware updated: GPIO 26 is now at 0%
[DEBUG] PWM7046: value: Hardware updated: GPIO 25 is now at 30.046289538411568%
[DEBUG] motor7046: speed: Motor speed is now: -30.046289538411568
[DEBUG] PWM7046: value: Hardware updated: GPIO 20 is now at 0%
[DEBUG] PWM7046: value: Hardware updated: GPIO 19 is now at 29.953710461588436%
[DEBUG] motor7046: speed: Motor speed is now: -29.953710461588436
[INFO] PidCalc: pidCalc: --------------------pidCalc--------------------------
[INFO] PidCalc: pidCalc: Integral: -0.75586740925601
[INFO] PidCalc: pidCalc: Derivative: 0
[INFO] PidCalc: pidCalc: Error: -0.49181818
[INFO] PidCalc: pidCalc: Speed: -0.052547915862800505
[INFO] PidCalc: pidCalc: Last Error: -0.88272728
[INFO] PidCalc: pidCalc: Dt: 0.7313942909240723
[INFO] PidCalc: pidCalc: ----------------------------------------------
[INFO] PidCalc: pidCalc: --------------------pidCalc--------------------------
[INFO] PidCalc: pidCalc: Integral: 15.360423829024123
[INFO] PidCalc: pidCalc: Derivative: 0
[INFO] PidCalc: pidCalc: Error: 18.6850696
[INFO] PidCalc: pidCalc: Speed: 18.020140445804824
[INFO] PidCalc: pidCalc: Last Error: 3.7640832
[INFO] PidCalc: pidCalc: Dt: 0.7314972877502441
[INFO] PidCalc: pidCalc: ----------------------------------------------
[DEBUG] PWM7046: value: Hardware updated: GPIO 23 is now at 30.0525479158628%
[DEBUG] PWM7046: value: Hardware updated: GPIO 24 is now at 0%
[DEBUG] motor7046: speed: Motor speed is now: 30.0525479158628
[DEBUG] PWM7046: value: Hardware updated: GPIO 21 is now at 29.9474520841372%
[DEBUG] PWM7046: value: Hardware updated: GPIO 22 is now at 0%
[DEBUG] motor7046: speed: Motor speed is now: 29.9474520841372
[DEBUG] PWM7046: value: Hardware updated: GPIO 26 is now at 0%
[DEBUG] PWM7046: value: Hardware updated: GPIO 25 is now at 30.0525479158628%
[DEBUG] motor7046: speed: Motor speed is now: -30.0525479158628
[DEBUG] PWM7046: value: Hardware updated: GPIO 20 is now at 0%
[DEBUG] PWM7046: value: Hardware updated: GPIO 19 is now at 29.9474520841372%
[DEBUG] motor7046: speed: Motor speed is now: -29.9474520841372
[INFO] PidCalc: pidCalc: --------------------pidCalc--------------------------
[INFO] PidCalc: pidCalc: Integral: -0.9964966431701946
[INFO] PidCalc: pidCalc: Derivative: 0
[INFO] PidCalc: pidCalc: Error: -0.32717376
[INFO] PidCalc: pidCalc: Speed: -0.05964004495850973
[INFO] PidCalc: pidCalc: Last Error: -0.49181818
[INFO] PidCalc: pidCalc: Dt: 0.735478401184082
[INFO] PidCalc: pidCalc: ----------------------------------------------
[INFO] PidCalc: pidCalc: --------------------pidCalc--------------------------
[INFO] PidCalc: pidCalc: Integral: 27.515352479759024
[INFO] PidCalc: pidCalc: Derivative: 0
[INFO] PidCalc: pidCalc: Error: 16.523058
[INFO] PidCalc: pidCalc: Speed: 18.721516895951805
[INFO] PidCalc: pidCalc: Last Error: 18.6850696
[INFO] PidCalc: pidCalc: Dt: 0.7356343269348145
[INFO] PidCalc: pidCalc: ----------------------------------------------
[DEBUG] PWM7046: value: Hardware updated: GPIO 23 is now at 30.059640044958506%
[DEBUG] PWM7046: value: Hardware updated: GPIO 24 is now at 0%
[DEBUG] motor7046: speed: Motor speed is now: 30.059640044958506
[DEBUG] PWM7046: value: Hardware updated: GPIO 21 is now at 29.94035995504149%
[DEBUG] PWM7046: value: Hardware updated: GPIO 22 is now at 0%
[DEBUG] motor7046: speed: Motor speed is now: 29.94035995504149
[DEBUG] PWM7046: value: Hardware updated: GPIO 26 is now at 0%
[DEBUG] PWM7046: value: Hardware updated: GPIO 25 is now at 30.059640044958506%
[DEBUG] motor7046: speed: Motor speed is now: -30.059640044958506
[DEBUG] PWM7046: value: Hardware updated: GPIO 20 is now at 0%
[DEBUG] PWM7046: value: Hardware updated: GPIO 19 is now at 29.94035995504149%
[DEBUG] motor7046: speed: Motor speed is now: -29.94035995504149
[INFO] PidCalc: pidCalc: --------------------pidCalc--------------------------
[INFO] PidCalc: pidCalc: Integral: -0.6060722924046994
[INFO] PidCalc: pidCalc: Derivative: 0
[INFO] PidCalc: pidCalc: Error: 0.5530490799999999
[INFO] PidCalc: pidCalc: Speed: -0.013712142220234976
[INFO] PidCalc: pidCalc: Last Error: -0.32717376
[INFO] PidCalc: pidCalc: Dt: 0.7059488296508789
[INFO] PidCalc: pidCalc: ----------------------------------------------
[INFO] PidCalc: pidCalc: --------------------pidCalc--------------------------
[INFO] PidCalc: pidCalc: Integral: 46.2782951618083
[INFO] PidCalc: pidCalc: Derivative: 0
[INFO] PidCalc: pidCalc: Error: 26.568830000000002
[INFO] PidCalc: pidCalc: Speed: 30.510723032361668
[INFO] PidCalc: pidCalc: Last Error: 16.523058
[INFO] PidCalc: pidCalc: Dt: 0.7062013149261475
[INFO] PidCalc: pidCalc: ----------------------------------------------
[DEBUG] PWM7046: value: Hardware updated: GPIO 23 is now at 30.524435174581903%
[DEBUG] PWM7046: value: Hardware updated: GPIO 24 is now at 0%
[DEBUG] motor7046: speed: Motor speed is now: 30.524435174581903
[DEBUG] PWM7046: value: Hardware updated: GPIO 21 is now at 30.49701089014143%
[DEBUG] PWM7046: value: Hardware updated: GPIO 22 is now at 0%
[DEBUG] motor7046: speed: Motor speed is now: 30.49701089014143
[DEBUG] PWM7046: value: Hardware updated: GPIO 26 is now at 0%
[DEBUG] PWM7046: value: Hardware updated: GPIO 25 is now at 30.524435174581903%
[DEBUG] motor7046: speed: Motor speed is now: -30.524435174581903
[DEBUG] PWM7046: value: Hardware updated: GPIO 20 is now at 0%
[DEBUG] PWM7046: value: Hardware updated: GPIO 19 is now at 30.49701089014143%
[DEBUG] motor7046: speed: Motor speed is now: -30.49701089014143
[INFO] PidCalc: pidCalc: --------------------pidCalc--------------------------
[INFO] PidCalc: pidCalc: Integral: -0.44670608989108085
[INFO] PidCalc: pidCalc: Derivative: -0.0044379185322177325
[INFO] PidCalc: pidCalc: Error: 0.20075912000000007
[INFO] PidCalc: pidCalc: Speed: -0.016756322747775814
[INFO] PidCalc: pidCalc: Last Error: 0.5530490799999999
[INFO] PidCalc: pidCalc: Dt: 0.7938179969787598
[INFO] PidCalc: pidCalc: ----------------------------------------------
[INFO] PidCalc: pidCalc: --------------------pidCalc--------------------------
[INFO] PidCalc: pidCalc: Integral: 57.3593095972785
[INFO] PidCalc: pidCalc: Derivative: -0.15884757370234295
[INFO] PidCalc: pidCalc: Error: 13.960030399999999
[INFO] PidCalc: pidCalc: Speed: 22.624001482085465
[INFO] PidCalc: pidCalc: Last Error: 26.568830000000002
[INFO] PidCalc: pidCalc: Dt: 0.7937672138214111
[INFO] PidCalc: pidCalc: ----------------------------------------------
[DEBUG] PWM7046: value: Hardware updated: GPIO 23 is now at 30.016756322747774%
[DEBUG] PWM7046: value: Hardware updated: GPIO 24 is now at 0%
[DEBUG] motor7046: speed: Motor speed is now: 30.016756322747774
[DEBUG] PWM7046: value: Hardware updated: GPIO 21 is now at 29.983243677252226%
[DEBUG] PWM7046: value: Hardware updated: GPIO 22 is now at 0%
[DEBUG] motor7046: speed: Motor speed is now: 29.983243677252226
[DEBUG] PWM7046: value: Hardware updated: GPIO 26 is now at 0%
[DEBUG] PWM7046: value: Hardware updated: GPIO 25 is now at 30.016756322747774%
[DEBUG] motor7046: speed: Motor speed is now: -30.016756322747774
[DEBUG] PWM7046: value: Hardware updated: GPIO 20 is now at 0%
[DEBUG] PWM7046: value: Hardware updated: GPIO 19 is now at 29.983243677252226%
[DEBUG] motor7046: speed: Motor speed is now: -29.983243677252226
[INFO] PidCalc: pidCalc: --------------------pidCalc--------------------------
[INFO] PidCalc: pidCalc: Integral: -0.7836197709566575
[INFO] PidCalc: pidCalc: Derivative: -0.008414211149912938
[INFO] PidCalc: pidCalc: Error: -0.441434376
[INFO] PidCalc: pidCalc: Speed: -0.05326544094282417
[INFO] PidCalc: pidCalc: Last Error: 0.20075912000000007
[INFO] PidCalc: pidCalc: Dt: 0.7632248401641846
[INFO] PidCalc: pidCalc: ----------------------------------------------
[INFO] PidCalc: pidCalc: --------------------pidCalc--------------------------
[INFO] PidCalc: pidCalc: Integral: 66.2679961668292
[INFO] PidCalc: pidCalc: Derivative: -0.029990521349163884
[INFO] PidCalc: pidCalc: Error: 11.6707504
[INFO] PidCalc: pidCalc: Speed: 22.587200501230924
[INFO] PidCalc: pidCalc: Last Error: 13.960030399999999
[INFO] PidCalc: pidCalc: Dt: 0.7633345127105713
[INFO] PidCalc: pidCalc: ----------------------------------------------
[DEBUG] PWM7046: value: Hardware updated: GPIO 23 is now at 30.053265440942823%
[DEBUG] PWM7046: value: Hardware updated: GPIO 24 is now at 0%
[DEBUG] motor7046: speed: Motor speed is now: 30.053265440942823
[DEBUG] PWM7046: value: Hardware updated: GPIO 21 is now at 29.946734559057177%
[DEBUG] PWM7046: value: Hardware updated: GPIO 22 is now at 0%
[DEBUG] motor7046: speed: Motor speed is now: 29.946734559057177
[DEBUG] PWM7046: value: Hardware updated: GPIO 26 is now at 0%
[DEBUG] PWM7046: value: Hardware updated: GPIO 25 is now at 30.053265440942823%
[DEBUG] motor7046: speed: Motor speed is now: -30.053265440942823
[DEBUG] PWM7046: value: Hardware updated: GPIO 20 is now at 0%
[DEBUG] PWM7046: value: Hardware updated: GPIO 19 is now at 29.946734559057177%
[DEBUG] motor7046: speed: Motor speed is now: -29.946734559057177
[INFO] PidCalc: pidCalc: --------------------pidCalc--------------------------
[INFO] PidCalc: pidCalc: Integral: -1.1367290754470138
[INFO] PidCalc: pidCalc: Derivative: 0.00019922140231630798
[INFO] PidCalc: pidCalc: Error: -0.42487737999999997
[INFO] PidCalc: pidCalc: Speed: -0.06956285303211905
[INFO] PidCalc: pidCalc: Last Error: -0.441434376
[INFO] PidCalc: pidCalc: Dt: 0.831085205078125
[INFO] PidCalc: pidCalc: ----------------------------------------------
[INFO] PidCalc: pidCalc: --------------------pidCalc--------------------------
[INFO] PidCalc: pidCalc: Integral: 73.12210315957155
[INFO] PidCalc: pidCalc: Derivative: -0.04120497604069198
[INFO] PidCalc: pidCalc: Error: 8.245618400000001
[INFO] PidCalc: pidCalc: Speed: 21.216794854310244
[INFO] PidCalc: pidCalc: Last Error: 11.6707504
[INFO] PidCalc: pidCalc: Dt: 0.8312423229217529
[INFO] PidCalc: pidCalc: ----------------------------------------------
[DEBUG] PWM7046: value: Hardware updated: GPIO 23 is now at 30.069562853032117%
[DEBUG] PWM7046: value: Hardware updated: GPIO 24 is now at 0%
[DEBUG] motor7046: speed: Motor speed is now: 30.069562853032117
[DEBUG] PWM7046: value: Hardware updated: GPIO 21 is now at 29.930437146967883%
[DEBUG] PWM7046: value: Hardware updated: GPIO 22 is now at 0%
[DEBUG] motor7046: speed: Motor speed is now: 29.930437146967883
[DEBUG] PWM7046: value: Hardware updated: GPIO 26 is now at 0%
[DEBUG] PWM7046: value: Hardware updated: GPIO 25 is now at 30.069562853032117%
[DEBUG] motor7046: speed: Motor speed is now: -30.069562853032117
[DEBUG] PWM7046: value: Hardware updated: GPIO 20 is now at 0%
[DEBUG] PWM7046: value: Hardware updated: GPIO 19 is now at 29.930437146967883%
[DEBUG] motor7046: speed: Motor speed is now: -29.930437146967883
[INFO] PidCalc: pidCalc: --------------------pidCalc--------------------------
[INFO] PidCalc: pidCalc: Integral: -1.3989788540725976
[INFO] PidCalc: pidCalc: Derivative: 0.0013739090012093156
[INFO] PidCalc: pidCalc: Error: -0.30782980000000004
[INFO] PidCalc: pidCalc: Speed: -0.07904644580350895
[INFO] PidCalc: pidCalc: Last Error: -0.42487737999999997
[INFO] PidCalc: pidCalc: Dt: 0.851931095123291
[INFO] PidCalc: pidCalc: ----------------------------------------------
[INFO] PidCalc: pidCalc: --------------------pidCalc--------------------------
[INFO] PidCalc: pidCalc: Integral: 76.94902042552766
[INFO] PidCalc: pidCalc: Derivative: -0.044060507073987426
[INFO] PidCalc: pidCalc: Error: 4.4915424
[INFO] PidCalc: pidCalc: Speed: 18.978631954398136
[INFO] PidCalc: pidCalc: Last Error: 8.245618400000001
[INFO] PidCalc: pidCalc: Dt: 0.852027416229248
[INFO] PidCalc: pidCalc: ----------------------------------------------
[DEBUG] PWM7046: value: Hardware updated: GPIO 23 is now at 30.07904644580351%
[DEBUG] PWM7046: value: Hardware updated: GPIO 24 is now at 0%
[DEBUG] motor7046: speed: Motor speed is now: 30.07904644580351
[DEBUG] PWM7046: value: Hardware updated: GPIO 21 is now at 29.92095355419649%
[DEBUG] PWM7046: value: Hardware updated: GPIO 22 is now at 0%
[DEBUG] motor7046: speed: Motor speed is now: 29.92095355419649
[DEBUG] PWM7046: value: Hardware updated: GPIO 26 is now at 0%
[DEBUG] PWM7046: value: Hardware updated: GPIO 25 is now at 30.07904644580351%
[DEBUG] motor7046: speed: Motor speed is now: -30.07904644580351
[DEBUG] PWM7046: value: Hardware updated: GPIO 20 is now at 0%
[DEBUG] PWM7046: value: Hardware updated: GPIO 19 is now at 29.92095355419649%
[DEBUG] motor7046: speed: Motor speed is now: -29.92095355419649
[INFO] PidCalc: pidCalc: --------------------pidCalc--------------------------
[INFO] PidCalc: pidCalc: Integral: -1.194648162201889
[INFO] PidCalc: pidCalc: Derivative: 0.009328893447803582
[INFO] PidCalc: pidCalc: Error: 0.3090189200000002
[INFO] PidCalc: pidCalc: Speed: -0.04952895116531409
[INFO] PidCalc: pidCalc: Last Error: -0.30782980000000004
[INFO] PidCalc: pidCalc: Dt: 0.6612238883972168
[INFO] PidCalc: pidCalc: ----------------------------------------------
[INFO] PidCalc: pidCalc: --------------------pidCalc--------------------------
[INFO] PidCalc: pidCalc: Integral: 85.22538650256166
[INFO] PidCalc: pidCalc: Derivative: 0.12131594954565755
[INFO] PidCalc: pidCalc: Error: 12.514608
[INFO] PidCalc: pidCalc: Speed: 27.068895295466902
[INFO] PidCalc: pidCalc: Last Error: 4.4915424
[INFO] PidCalc: pidCalc: Dt: 0.6613364219665527
[INFO] PidCalc: pidCalc: ----------------------------------------------
[DEBUG] PWM7046: value: Hardware updated: GPIO 23 is now at 30.049528951165318%
[DEBUG] PWM7046: value: Hardware updated: GPIO 24 is now at 0%
[DEBUG] motor7046: speed: Motor speed is now: 30.049528951165318
[DEBUG] PWM7046: value: Hardware updated: GPIO 21 is now at 29.950471048834686%
[DEBUG] PWM7046: value: Hardware updated: GPIO 22 is now at 0%
[DEBUG] motor7046: speed: Motor speed is now: 29.950471048834686
[DEBUG] PWM7046: value: Hardware updated: GPIO 26 is now at 0%
[DEBUG] PWM7046: value: Hardware updated: GPIO 25 is now at 30.049528951165318%
[DEBUG] motor7046: speed: Motor speed is now: -30.049528951165318
[DEBUG] PWM7046: value: Hardware updated: GPIO 20 is now at 0%
[DEBUG] PWM7046: value: Hardware updated: GPIO 19 is now at 29.950471048834686%
[DEBUG] motor7046: speed: Motor speed is now: -29.950471048834686
[DEBUG] PWM7046: value: Hardware updated: GPIO 23 is now at 1%
[DEBUG] PWM7046: value: Hardware updated: GPIO 24 is now at 0%
[DEBUG] motor7046: speed: Motor speed is now: 1
[DEBUG] PWM7046: value: Hardware updated: GPIO 21 is now at 1%
[DEBUG] PWM7046: value: Hardware updated: GPIO 22 is now at 0%
[DEBUG] motor7046: speed: Motor speed is now: 1
[DEBUG] PWM7046: value: Hardware updated: GPIO 26 is now at 1%
[DEBUG] PWM7046: value: Hardware updated: GPIO 25 is now at 0%
[DEBUG] motor7046: speed: Motor speed is now: 1
[DEBUG] PWM7046: value: Hardware updated: GPIO 20 is now at 1%
[DEBUG] PWM7046: value: Hardware updated: GPIO 19 is now at 0%
[DEBUG] motor7046: speed: Motor speed is now: 1
[DEBUG] PWM7046: value: Hardware updated: GPIO 23 is now at 1%
[DEBUG] PWM7046: value: Hardware updated: GPIO 24 is now at 0%
[DEBUG] motor7046: speed: Motor speed is now: 1
[DEBUG] PWM7046: value: Hardware updated: GPIO 21 is now at 1%
[DEBUG] PWM7046: value: Hardware updated: GPIO 22 is now at 0%
[DEBUG] motor7046: speed: Motor speed is now: 1
[DEBUG] PWM7046: value: Hardware updated: GPIO 26 is now at 1%
[DEBUG] PWM7046: value: Hardware updated: GPIO 25 is now at 0%
[DEBUG] motor7046: speed: Motor speed is now: 1
[DEBUG] PWM7046: value: Hardware updated: GPIO 20 is now at 1%
[DEBUG] PWM7046: value: Hardware updated: GPIO 19 is now at 0%
[DEBUG] motor7046: speed: Motor speed is now: 1
[DEBUG] PWM7046: value: Hardware updated: GPIO 13 is now at 0%
[DEBUG] PWM7046: value: Hardware updated: GPIO 16 is now at 0%
[DEBUG] motor7046: stop: Motor speed is now: 0
[INFO] Hunt: spinSearch: Initializing Spin Search...
[DEBUG] PWM7046: value: Hardware updated: GPIO 23 is now at 0%
[DEBUG] PWM7046: value: Hardware updated: GPIO 24 is now at 25%
[DEBUG] motor7046: speed: Motor speed is now: -25
[DEBUG] PWM7046: value: Hardware updated: GPIO 21 is now at 0%
[DEBUG] PWM7046: value: Hardware updated: GPIO 22 is now at 25%
[DEBUG] motor7046: speed: Motor speed is now: -25
[DEBUG] PWM7046: value: Hardware updated: GPIO 26 is now at 0%
[DEBUG] PWM7046: value: Hardware updated: GPIO 25 is now at 25%
[DEBUG] motor7046: speed: Motor speed is now: -25
[DEBUG] PWM7046: value: Hardware updated: GPIO 20 is now at 0%
[DEBUG] PWM7046: value: Hardware updated: GPIO 19 is now at 25%
[DEBUG] motor7046: speed: Motor speed is now: -25
[DEBUG] PWM7046: value: Hardware updated: GPIO 23 is now at 1%
[DEBUG] PWM7046: value: Hardware updated: GPIO 24 is now at 0%
[DEBUG] motor7046: speed: Motor speed is now: 1
[DEBUG] PWM7046: value: Hardware updated: GPIO 21 is now at 1%
[DEBUG] PWM7046: value: Hardware updated: GPIO 22 is now at 0%
[DEBUG] motor7046: speed: Motor speed is now: 1
[DEBUG] PWM7046: value: Hardware updated: GPIO 26 is now at 1%
[DEBUG] PWM7046: value: Hardware updated: GPIO 25 is now at 0%
[DEBUG] motor7046: speed: Motor speed is now: 1
[DEBUG] PWM7046: value: Hardware updated: GPIO 20 is now at 1%
[DEBUG] PWM7046: value: Hardware updated: GPIO 19 is now at 0%
[DEBUG] motor7046: speed: Motor speed is now: 1
[DEBUG] PWM7046: value: Hardware updated: GPIO 23 is now at 1%
[DEBUG] PWM7046: value: Hardware updated: GPIO 24 is now at 0%
[DEBUG] motor7046: speed: Motor speed is now: 1
[DEBUG] PWM7046: value: Hardware updated: GPIO 21 is now at 1%
[DEBUG] PWM7046: value: Hardware updated: GPIO 22 is now at 0%
[DEBUG] motor7046: speed: Motor speed is now: 1
[DEBUG] PWM7046: value: Hardware updated: GPIO 26 is now at 1%
[DEBUG] PWM7046: value: Hardware updated: GPIO 25 is now at 0%
[DEBUG] motor7046: speed: Motor speed is now: 1
[DEBUG] PWM7046: value: Hardware updated: GPIO 20 is now at 1%
[DEBUG] PWM7046: value: Hardware updated: GPIO 19 is now at 0%
[DEBUG] motor7046: speed: Motor speed is now: 1
[DEBUG] PWM7046: value: Hardware updated: GPIO 23 is now at 0%
[DEBUG] PWM7046: value: Hardware updated: GPIO 24 is now at 25%
[DEBUG] motor7046: speed: Motor speed is now: -25
[DEBUG] PWM7046: value: Hardware updated: GPIO 21 is now at 0%
[DEBUG] PWM7046: value: Hardware updated: GPIO 22 is now at 25%
[DEBUG] motor7046: speed: Motor speed is now: -25
[DEBUG] PWM7046: value: Hardware updated: GPIO 26 is now at 0%
[DEBUG] PWM7046: value: Hardware updated: GPIO 25 is now at 25%
[DEBUG] motor7046: speed: Motor speed is now: -25
[DEBUG] PWM7046: value: Hardware updated: GPIO 20 is now at 0%
[DEBUG] PWM7046: value: Hardware updated: GPIO 19 is now at 25%
[DEBUG] motor7046: speed: Motor speed is now: -25
[DEBUG] PWM7046: value: Hardware updated: GPIO 23 is now at 1%
[DEBUG] PWM7046: value: Hardware updated: GPIO 24 is now at 0%
[DEBUG] motor7046: speed: Motor speed is now: 1
[DEBUG] PWM7046: value: Hardware updated: GPIO 21 is now at 1%
[DEBUG] PWM7046: value: Hardware updated: GPIO 22 is now at 0%
[DEBUG] motor7046: speed: Motor speed is now: 1
[DEBUG] PWM7046: value: Hardware updated: GPIO 26 is now at 1%
[DEBUG] PWM7046: value: Hardware updated: GPIO 25 is now at 0%
[DEBUG] motor7046: speed: Motor speed is now: 1
[DEBUG] PWM7046: value: Hardware updated: GPIO 20 is now at 1%
[DEBUG] PWM7046: value: Hardware updated: GPIO 19 is now at 0%
[DEBUG] motor7046: speed: Motor speed is now: 1
[DEBUG] PWM7046: value: Hardware updated: GPIO 23 is now at 0%
[DEBUG] PWM7046: value: Hardware updated: GPIO 24 is now at 25%
[DEBUG] motor7046: speed: Motor speed is now: -25
[DEBUG] PWM7046: value: Hardware updated: GPIO 21 is now at 0%
[DEBUG] PWM7046: value: Hardware updated: GPIO 22 is now at 25%
[DEBUG] motor7046: speed: Motor speed is now: -25
[DEBUG] PWM7046: value: Hardware updated: GPIO 26 is now at 0%
[DEBUG] PWM7046: value: Hardware updated: GPIO 25 is now at 25%
[DEBUG] motor7046: speed: Motor speed is now: -25
[DEBUG] PWM7046: value: Hardware updated: GPIO 20 is now at 0%
[DEBUG] PWM7046: value: Hardware updated: GPIO 19 is now at 25%
[DEBUG] motor7046: speed: Motor speed is now: -25
[DEBUG] PWM7046: value: Hardware updated: GPIO 23 is now at 1%
[DEBUG] PWM7046: value: Hardware updated: GPIO 24 is now at 0%
[DEBUG] motor7046: speed: Motor speed is now: 1
[DEBUG] PWM7046: value: Hardware updated: GPIO 21 is now at 1%
[DEBUG] PWM7046: value: Hardware updated: GPIO 22 is now at 0%
[DEBUG] motor7046: speed: Motor speed is now: 1
[DEBUG] PWM7046: value: Hardware updated: GPIO 26 is now at 1%
[DEBUG] PWM7046: value: Hardware updated: GPIO 25 is now at 0%
[DEBUG] motor7046: speed: Motor speed is now: 1
[DEBUG] PWM7046: value: Hardware updated: GPIO 20 is now at 1%
[DEBUG] PWM7046: value: Hardware updated: GPIO 19 is now at 0%
[DEBUG] motor7046: speed: Motor speed is now: 1
[DEBUG] PWM7046: value: Hardware updated: GPIO 23 is now at 0%
[DEBUG] PWM7046: value: Hardware updated: GPIO 24 is now at 25%
[DEBUG] motor7046: speed: Motor speed is now: -25
[DEBUG] PWM7046: value: Hardware updated: GPIO 21 is now at 0%
[DEBUG] PWM7046: value: Hardware updated: GPIO 22 is now at 25%
[DEBUG] motor7046: speed: Motor speed is now: -25
[DEBUG] PWM7046: value: Hardware updated: GPIO 26 is now at 0%
[DEBUG] PWM7046: value: Hardware updated: GPIO 25 is now at 25%
[DEBUG] motor7046: speed: Motor speed is now: -25
[DEBUG] PWM7046: value: Hardware updated: GPIO 20 is now at 0%
[DEBUG] PWM7046: value: Hardware updated: GPIO 19 is now at 25%
[DEBUG] motor7046: speed: Motor speed is now: -25
[DEBUG] PWM7046: value: Hardware updated: GPIO 23 is now at 1%
[DEBUG] PWM7046: value: Hardware updated: GPIO 24 is now at 0%
[DEBUG] motor7046: speed: Motor speed is now: 1
[DEBUG] PWM7046: value: Hardware updated: GPIO 21 is now at 1%
[DEBUG] PWM7046: value: Hardware updated: GPIO 22 is now at 0%
[DEBUG] motor7046: speed: Motor speed is now: 1
[DEBUG] PWM7046: value: Hardware updated: GPIO 26 is now at 1%
[DEBUG] PWM7046: value: Hardware updated: GPIO 25 is now at 0%
[DEBUG] motor7046: speed: Motor speed is now: 1
[DEBUG] PWM7046: value: Hardware updated: GPIO 20 is now at 1%
[DEBUG] PWM7046: value: Hardware updated: GPIO 19 is now at 0%
[DEBUG] motor7046: speed: Motor speed is now: 1
[INFO] Hunt: spinSearch: Ball Found
[DEBUG] PWM7046: value: Hardware updated: GPIO 23 is now at 1%
[DEBUG] PWM7046: value: Hardware updated: GPIO 24 is now at 0%
[DEBUG] motor7046: speed: Motor speed is now: 1
[DEBUG] PWM7046: value: Hardware updated: GPIO 21 is now at 1%
[DEBUG] PWM7046: value: Hardware updated: GPIO 22 is now at 0%
[DEBUG] motor7046: speed: Motor speed is now: 1
[DEBUG] PWM7046: value: Hardware updated: GPIO 26 is now at 1%
[DEBUG] PWM7046: value: Hardware updated: GPIO 25 is now at 0%
[DEBUG] motor7046: speed: Motor speed is now: 1
[DEBUG] PWM7046: value: Hardware updated: GPIO 20 is now at 1%
[DEBUG] PWM7046: value: Hardware updated: GPIO 19 is now at 0%
[DEBUG] motor7046: speed: Motor speed is now: 1
[DEBUG] PWM7046: value: Hardware updated: GPIO 23 is now at 1%
[DEBUG] PWM7046: value: Hardware updated: GPIO 24 is now at 0%
[DEBUG] motor7046: speed: Motor speed is now: 1
[DEBUG] PWM7046: value: Hardware updated: GPIO 21 is now at 1%
[DEBUG] PWM7046: value: Hardware updated: GPIO 22 is now at 0%
[DEBUG] motor7046: speed: Motor speed is now: 1
[DEBUG] PWM7046: value: Hardware updated: GPIO 26 is now at 1%
[DEBUG] PWM7046: value: Hardware updated: GPIO 25 is now at 0%
[DEBUG] motor7046: speed: Motor speed is now: 1
[DEBUG] PWM7046: value: Hardware updated: GPIO 20 is now at 1%
[DEBUG] PWM7046: value: Hardware updated: GPIO 19 is now at 0%
[DEBUG] motor7046: speed: Motor speed is now: 1
[DEBUG] PWM7046: value: Hardware updated: GPIO 23 is now at 1%
[DEBUG] PWM7046: value: Hardware updated: GPIO 24 is now at 0%
[DEBUG] motor7046: speed: Motor speed is now: 1
[DEBUG] PWM7046: value: Hardware updated: GPIO 21 is now at 1%
[DEBUG] PWM7046: value: Hardware updated: GPIO 22 is now at 0%
[DEBUG] motor7046: speed: Motor speed is now: 1
[DEBUG] PWM7046: value: Hardware updated: GPIO 26 is now at 1%
[DEBUG] PWM7046: value: Hardware updated: GPIO 25 is now at 0%
[DEBUG] motor7046: speed: Motor speed is now: 1
[DEBUG] PWM7046: value: Hardware updated: GPIO 20 is now at 1%
[DEBUG] PWM7046: value: Hardware updated: GPIO 19 is now at 0%
[DEBUG] motor7046: speed: Motor speed is now: 1
[DEBUG] PWM7046: value: Hardware updated: GPIO 13 is now at 0%
[DEBUG] PWM7046: value: Hardware updated: GPIO 16 is now at 0%
[DEBUG] motor7046: stop: Motor speed is now: 0
[INFO] Hunt: spinSearch: Initializing Spin Search...
[DEBUG] PWM7046: value: Hardware updated: GPIO 23 is now at 0%
[DEBUG] PWM7046: value: Hardware updated: GPIO 24 is now at 25%
[DEBUG] motor7046: speed: Motor speed is now: -25
[DEBUG] PWM7046: value: Hardware updated: GPIO 21 is now at 0%
[DEBUG] PWM7046: value: Hardware updated: GPIO 22 is now at 25%
[DEBUG] motor7046: speed: Motor speed is now: -25
[DEBUG] PWM7046: value: Hardware updated: GPIO 26 is now at 0%
[DEBUG] PWM7046: value: Hardware updated: GPIO 25 is now at 25%
[DEBUG] motor7046: speed: Motor speed is now: -25
[DEBUG] PWM7046: value: Hardware updated: GPIO 20 is now at 0%
[DEBUG] PWM7046: value: Hardware updated: GPIO 19 is now at 25%
[DEBUG] motor7046: speed: Motor speed is now: -25
[DEBUG] PWM7046: value: Hardware updated: GPIO 23 is now at 1%
[DEBUG] PWM7046: value: Hardware updated: GPIO 24 is now at 0%
[DEBUG] motor7046: speed: Motor speed is now: 1
[DEBUG] PWM7046: value: Hardware updated: GPIO 21 is now at 1%
[DEBUG] PWM7046: value: Hardware updated: GPIO 22 is now at 0%
[DEBUG] motor7046: speed: Motor speed is now: 1
[DEBUG] PWM7046: value: Hardware updated: GPIO 26 is now at 1%
[DEBUG] PWM7046: value: Hardware updated: GPIO 25 is now at 0%
[DEBUG] motor7046: speed: Motor speed is now: 1
[DEBUG] PWM7046: value: Hardware updated: GPIO 20 is now at 1%
[DEBUG] PWM7046: value: Hardware updated: GPIO 19 is now at 0%
[DEBUG] motor7046: speed: Motor speed is now: 1
[DEBUG] PWM7046: value: Hardware updated: GPIO 23 is now at 1%
[DEBUG] PWM7046: value: Hardware updated: GPIO 24 is now at 0%
[DEBUG] motor7046: speed: Motor speed is now: 1
[DEBUG] PWM7046: value: Hardware updated: GPIO 21 is now at 1%
[DEBUG] PWM7046: value: Hardware updated: GPIO 22 is now at 0%
[DEBUG] motor7046: speed: Motor speed is now: 1
[DEBUG] PWM7046: value: Hardware updated: GPIO 26 is now at 1%
[DEBUG] PWM7046: value: Hardware updated: GPIO 25 is now at 0%
[DEBUG] motor7046: speed: Motor speed is now: 1
[DEBUG] PWM7046: value: Hardware updated: GPIO 20 is now at 1%
[DEBUG] PWM7046: value: Hardware updated: GPIO 19 is now at 0%
[DEBUG] motor7046: speed: Motor speed is now: 1
[DEBUG] PWM7046: value: Hardware updated: GPIO 23 is now at 0%
[DEBUG] PWM7046: value: Hardware updated: GPIO 24 is now at 25%
[DEBUG] motor7046: speed: Motor speed is now: -25
[DEBUG] PWM7046: value: Hardware updated: GPIO 21 is now at 0%
[DEBUG] PWM7046: value: Hardware updated: GPIO 22 is now at 25%
[DEBUG] motor7046: speed: Motor speed is now: -25
[DEBUG] PWM7046: value: Hardware updated: GPIO 26 is now at 0%
[DEBUG] PWM7046: value: Hardware updated: GPIO 25 is now at 25%
[DEBUG] motor7046: speed: Motor speed is now: -25
[DEBUG] PWM7046: value: Hardware updated: GPIO 20 is now at 0%
[DEBUG] PWM7046: value: Hardware updated: GPIO 19 is now at 25%
[DEBUG] motor7046: speed: Motor speed is now: -25
[DEBUG] PWM7046: value: Hardware updated: GPIO 23 is now at 1%
[DEBUG] PWM7046: value: Hardware updated: GPIO 24 is now at 0%
[DEBUG] motor7046: speed: Motor speed is now: 1
[DEBUG] PWM7046: value: Hardware updated: GPIO 21 is now at 1%
[DEBUG] PWM7046: value: Hardware updated: GPIO 22 is now at 0%
[DEBUG] motor7046: speed: Motor speed is now: 1
[DEBUG] PWM7046: value: Hardware updated: GPIO 26 is now at 1%
[DEBUG] PWM7046: value: Hardware updated: GPIO 25 is now at 0%
[DEBUG] motor7046: speed: Motor speed is now: 1
[DEBUG] PWM7046: value: Hardware updated: GPIO 20 is now at 1%
[DEBUG] PWM7046: value: Hardware updated: GPIO 19 is now at 0%
[DEBUG] motor7046: speed: Motor speed is now: 1
[DEBUG] PWM7046: value: Hardware updated: GPIO 23 is now at 0%
[DEBUG] PWM7046: value: Hardware updated: GPIO 24 is now at 25%
[DEBUG] motor7046: speed: Motor speed is now: -25
[DEBUG] PWM7046: value: Hardware updated: GPIO 21 is now at 0%
[DEBUG] PWM7046: value: Hardware updated: GPIO 22 is now at 25%
[DEBUG] motor7046: speed: Motor speed is now: -25
[DEBUG] PWM7046: value: Hardware updated: GPIO 26 is now at 0%
[DEBUG] PWM7046: value: Hardware updated: GPIO 25 is now at 25%
[DEBUG] motor7046: speed: Motor speed is now: -25
[DEBUG] PWM7046: value: Hardware updated: GPIO 20 is now at 0%
[DEBUG] PWM7046: value: Hardware updated: GPIO 19 is now at 25%
[DEBUG] motor7046: speed: Motor speed is now: -25
[DEBUG] PWM7046: value: Hardware updated: GPIO 23 is now at 1%
[DEBUG] PWM7046: value: Hardware updated: GPIO 24 is now at 0%
[DEBUG] motor7046: speed: Motor speed is now: 1
[DEBUG] PWM7046: value: Hardware updated: GPIO 21 is now at 1%
[DEBUG] PWM7046: value: Hardware updated: GPIO 22 is now at 0%
[DEBUG] motor7046: speed: Motor speed is now: 1
[DEBUG] PWM7046: value: Hardware updated: GPIO 26 is now at 1%
[DEBUG] PWM7046: value: Hardware updated: GPIO 25 is now at 0%
[DEBUG] motor7046: speed: Motor speed is now: 1
[DEBUG] PWM7046: value: Hardware updated: GPIO 20 is now at 1%
[DEBUG] PWM7046: value: Hardware updated: GPIO 19 is now at 0%
[DEBUG] motor7046: speed: Motor speed is now: 1
[DEBUG] PWM7046: value: Hardware updated: GPIO 23 is now at 0%
[DEBUG] PWM7046: value: Hardware updated: GPIO 24 is now at 25%
[DEBUG] motor7046: speed: Motor speed is now: -25
[DEBUG] PWM7046: value: Hardware updated: GPIO 21 is now at 0%
[DEBUG] PWM7046: value: Hardware updated: GPIO 22 is now at 25%
[DEBUG] motor7046: speed: Motor speed is now: -25
[DEBUG] PWM7046: value: Hardware updated: GPIO 26 is now at 0%
[DEBUG] PWM7046: value: Hardware updated: GPIO 25 is now at 25%
[DEBUG] motor7046: speed: Motor speed is now: -25
[DEBUG] PWM7046: value: Hardware updated: GPIO 20 is now at 0%
[DEBUG] PWM7046: value: Hardware updated: GPIO 19 is now at 25%
[DEBUG] motor7046: speed: Motor speed is now: -25
[DEBUG] PWM7046: value: Hardware updated: GPIO 23 is now at 1%
[DEBUG] PWM7046: value: Hardware updated: GPIO 24 is now at 0%
[DEBUG] motor7046: speed: Motor speed is now: 1
[DEBUG] PWM7046: value: Hardware updated: GPIO 21 is now at 1%
[DEBUG] PWM7046: value: Hardware updated: GPIO 22 is now at 0%
[DEBUG] motor7046: speed: Motor speed is now: 1
[DEBUG] PWM7046: value: Hardware updated: GPIO 26 is now at 1%
[DEBUG] PWM7046: value: Hardware updated: GPIO 25 is now at 0%
[DEBUG] motor7046: speed: Motor speed is now: 1
[DEBUG] PWM7046: value: Hardware updated: GPIO 20 is now at 1%
[DEBUG] PWM7046: value: Hardware updated: GPIO 19 is now at 0%
[DEBUG] motor7046: speed: Motor speed is now: 1
[DEBUG] PWM7046: value: Hardware updated: GPIO 23 is now at 0%
[DEBUG] PWM7046: value: Hardware updated: GPIO 24 is now at 25%
[DEBUG] motor7046: speed: Motor speed is now: -25
[DEBUG] PWM7046: value: Hardware updated: GPIO 21 is now at 0%
[DEBUG] PWM7046: value: Hardware updated: GPIO 22 is now at 25%
[DEBUG] motor7046: speed: Motor speed is now: -25
[DEBUG] PWM7046: value: Hardware updated: GPIO 26 is now at 0%
[DEBUG] PWM7046: value: Hardware updated: GPIO 25 is now at 25%
[DEBUG] motor7046: speed: Motor speed is now: -25
[DEBUG] PWM7046: value: Hardware updated: GPIO 20 is now at 0%
[DEBUG] PWM7046: value: Hardware updated: GPIO 19 is now at 25%
[DEBUG] motor7046: speed: Motor speed is now: -25
[DEBUG] PWM7046: value: Hardware updated: GPIO 23 is now at 1%
[DEBUG] PWM7046: value: Hardware updated: GPIO 24 is now at 0%
[DEBUG] motor7046: speed: Motor speed is now: 1
[DEBUG] PWM7046: value: Hardware updated: GPIO 21 is now at 1%
[DEBUG] PWM7046: value: Hardware updated: GPIO 22 is now at 0%
[DEBUG] motor7046: speed: Motor speed is now: 1
[DEBUG] PWM7046: value: Hardware updated: GPIO 26 is now at 1%
[DEBUG] PWM7046: value: Hardware updated: GPIO 25 is now at 0%
[DEBUG] motor7046: speed: Motor speed is now: 1
[DEBUG] PWM7046: value: Hardware updated: GPIO 20 is now at 1%
[DEBUG] PWM7046: value: Hardware updated: GPIO 19 is now at 0%
[DEBUG] motor7046: speed: Motor speed is now: 1
[DEBUG] PWM7046: value: Hardware updated: GPIO 23 is now at 0%
[DEBUG] PWM7046: value: Hardware updated: GPIO 24 is now at 25%
[DEBUG] motor7046: speed: Motor speed is now: -25
[DEBUG] PWM7046: value: Hardware updated: GPIO 21 is now at 0%
[DEBUG] PWM7046: value: Hardware updated: GPIO 22 is now at 25%
[DEBUG] motor7046: speed: Motor speed is now: -25
[DEBUG] PWM7046: value: Hardware updated: GPIO 26 is now at 0%
[DEBUG] PWM7046: value: Hardware updated: GPIO 25 is now at 25%
[DEBUG] motor7046: speed: Motor speed is now: -25
[DEBUG] PWM7046: value: Hardware updated: GPIO 20 is now at 0%
[DEBUG] PWM7046: value: Hardware updated: GPIO 19 is now at 25%
[DEBUG] motor7046: speed: Motor speed is now: -25
[DEBUG] PWM7046: value: Hardware updated: GPIO 23 is now at 1%
[DEBUG] PWM7046: value: Hardware updated: GPIO 24 is now at 0%
[DEBUG] motor7046: speed: Motor speed is now: 1
[DEBUG] PWM7046: value: Hardware updated: GPIO 21 is now at 1%
[DEBUG] PWM7046: value: Hardware updated: GPIO 22 is now at 0%
[DEBUG] motor7046: speed: Motor speed is now: 1
[DEBUG] PWM7046: value: Hardware updated: GPIO 26 is now at 1%
[DEBUG] PWM7046: value: Hardware updated: GPIO 25 is now at 0%
[DEBUG] motor7046: speed: Motor speed is now: 1
[DEBUG] PWM7046: value: Hardware updated: GPIO 20 is now at 1%
[DEBUG] PWM7046: value: Hardware updated: GPIO 19 is now at 0%
[DEBUG] motor7046: speed: Motor speed is now: 1
[INFO] Hunt: spinSearch: Ball Found
[DEBUG] PWM7046: value: Hardware updated: GPIO 23 is now at 1%
[DEBUG] PWM7046: value: Hardware updated: GPIO 24 is now at 0%
[DEBUG] motor7046: speed: Motor speed is now: 1
[DEBUG] PWM7046: value: Hardware updated: GPIO 21 is now at 1%
[DEBUG] PWM7046: value: Hardware updated: GPIO 22 is now at 0%
[DEBUG] motor7046: speed: Motor speed is now: 1
[DEBUG] PWM7046: value: Hardware updated: GPIO 26 is now at 1%
[DEBUG] PWM7046: value: Hardware updated: GPIO 25 is now at 0%
[DEBUG] motor7046: speed: Motor speed is now: 1
[DEBUG] PWM7046: value: Hardware updated: GPIO 20 is now at 1%
[DEBUG] PWM7046: value: Hardware updated: GPIO 19 is now at 0%
[DEBUG] motor7046: speed: Motor speed is now: 1
[DEBUG] PWM7046: value: Hardware updated: GPIO 13 is now at 80%
[DEBUG] PWM7046: value: Hardware updated: GPIO 16 is now at 0%
[DEBUG] motor7046: speed: Motor speed is now: 80
[DEBUG] PWM7046: value: Hardware updated: GPIO 23 is now at 40.0%
[DEBUG] PWM7046: value: Hardware updated: GPIO 24 is now at 0%
[DEBUG] motor7046: speed: Motor speed is now: 40.0
[DEBUG] PWM7046: value: Hardware updated: GPIO 21 is now at 40.0%
[DEBUG] PWM7046: value: Hardware updated: GPIO 22 is now at 0%
[DEBUG] motor7046: speed: Motor speed is now: 40.0
[DEBUG] PWM7046: value: Hardware updated: GPIO 26 is now at 0%
[DEBUG] PWM7046: value: Hardware updated: GPIO 25 is now at 40.0%
[DEBUG] motor7046: speed: Motor speed is now: -40.0
[DEBUG] PWM7046: value: Hardware updated: GPIO 20 is now at 0%
[DEBUG] PWM7046: value: Hardware updated: GPIO 19 is now at 40.0%
[DEBUG] motor7046: speed: Motor speed is now: -40.0
[DEBUG] PWM7046: value: Hardware updated: GPIO 23 is now at 1%
[DEBUG] PWM7046: value: Hardware updated: GPIO 24 is now at 0%
[DEBUG] motor7046: speed: Motor speed is now: 1
[DEBUG] PWM7046: value: Hardware updated: GPIO 21 is now at 1%
[DEBUG] PWM7046: value: Hardware updated: GPIO 22 is now at 0%
[DEBUG] motor7046: speed: Motor speed is now: 1
[DEBUG] PWM7046: value: Hardware updated: GPIO 26 is now at 1%
[DEBUG] PWM7046: value: Hardware updated: GPIO 25 is now at 0%
[DEBUG] motor7046: speed: Motor speed is now: 1
[DEBUG] PWM7046: value: Hardware updated: GPIO 20 is now at 1%
[DEBUG] PWM7046: value: Hardware updated: GPIO 19 is now at 0%
[DEBUG] motor7046: speed: Motor speed is now: 1
[DEBUG] PWM7046: value: Hardware updated: GPIO 23 is now at 1%
[DEBUG] PWM7046: value: Hardware updated: GPIO 24 is now at 0%
[DEBUG] motor7046: speed: Motor speed is now: 1
[DEBUG] PWM7046: value: Hardware updated: GPIO 21 is now at 1%
[DEBUG] PWM7046: value: Hardware updated: GPIO 22 is now at 0%
[DEBUG] motor7046: speed: Motor speed is now: 1
[DEBUG] PWM7046: value: Hardware updated: GPIO 26 is now at 1%
[DEBUG] PWM7046: value: Hardware updated: GPIO 25 is now at 0%
[DEBUG] motor7046: speed: Motor speed is now: 1
[DEBUG] PWM7046: value: Hardware updated: GPIO 20 is now at 1%
[DEBUG] PWM7046: value: Hardware updated: GPIO 19 is now at 0%
[DEBUG] motor7046: speed: Motor speed is now: 1
[DEBUG] PWM7046: value: Hardware updated: GPIO 23 is now at 1%
[DEBUG] PWM7046: value: Hardware updated: GPIO 24 is now at 0%
[DEBUG] motor7046: speed: Motor speed is now: 1
[DEBUG] PWM7046: value: Hardware updated: GPIO 21 is now at 1%
[DEBUG] PWM7046: value: Hardware updated: GPIO 22 is now at 0%
[DEBUG] motor7046: speed: Motor speed is now: 1
[DEBUG] PWM7046: value: Hardware updated: GPIO 26 is now at 1%
[DEBUG] PWM7046: value: Hardware updated: GPIO 25 is now at 0%
[DEBUG] motor7046: speed: Motor speed is now: 1
[DEBUG] PWM7046: value: Hardware updated: GPIO 20 is now at 1%
[DEBUG] PWM7046: value: Hardware updated: GPIO 19 is now at 0%
[DEBUG] motor7046: speed: Motor speed is now: 1
[DEBUG] PWM7046: value: Hardware updated: GPIO 23 is now at 1%
[DEBUG] PWM7046: value: Hardware updated: GPIO 24 is now at 0%
[DEBUG] motor7046: speed: Motor speed is now: 1
[DEBUG] PWM7046: value: Hardware updated: GPIO 21 is now at 1%
[DEBUG] PWM7046: value: Hardware updated: GPIO 22 is now at 0%
[DEBUG] motor7046: speed: Motor speed is now: 1
[DEBUG] PWM7046: value: Hardware updated: GPIO 26 is now at 1%
[DEBUG] PWM7046: value: Hardware updated: GPIO 25 is now at 0%
[DEBUG] motor7046: speed: Motor speed is now: 1
[DEBUG] PWM7046: value: Hardware updated: GPIO 20 is now at 1%
[DEBUG] PWM7046: value: Hardware updated: GPIO 19 is now at 0%
[DEBUG] motor7046: speed: Motor speed is now: 1
[DEBUG] PWM7046: value: Hardware updated: GPIO 23 is now at 1%
[DEBUG] PWM7046: value: Hardware updated: GPIO 24 is now at 0%
[DEBUG] motor7046: speed: Motor speed is now: 1
[DEBUG] PWM7046: value: Hardware updated: GPIO 21 is now at 1%
[DEBUG] PWM7046: value: Hardware updated: GPIO 22 is now at 0%
[DEBUG] motor7046: speed: Motor speed is now: 1
[DEBUG] PWM7046: value: Hardware updated: GPIO 26 is now at 1%
[DEBUG] PWM7046: value: Hardware updated: GPIO 25 is now at 0%
[DEBUG] motor7046: speed: Motor speed is now: 1
[DEBUG] PWM7046: value: Hardware updated: GPIO 20 is now at 1%
[DEBUG] PWM7046: value: Hardware updated: GPIO 19 is now at 0%
[DEBUG] motor7046: speed: Motor speed is now: 1
[DEBUG] PWM7046: value: Hardware updated: GPIO 13 is now at 0%
[DEBUG] PWM7046: value: Hardware updated: GPIO 16 is now at 0%
[DEBUG] motor7046: stop: Motor speed is now: 0
[INFO] Hunt: spinSearch: Initializing Spin Search...
[DEBUG] PWM7046: value: Hardware updated: GPIO 23 is now at 0%
[DEBUG] PWM7046: value: Hardware updated: GPIO 24 is now at 25%
[DEBUG] motor7046: speed: Motor speed is now: -25
[DEBUG] PWM7046: value: Hardware updated: GPIO 21 is now at 0%
[DEBUG] PWM7046: value: Hardware updated: GPIO 22 is now at 25%
[DEBUG] motor7046: speed: Motor speed is now: -25
[DEBUG] PWM7046: value: Hardware updated: GPIO 26 is now at 0%
[DEBUG] PWM7046: value: Hardware updated: GPIO 25 is now at 25%
[DEBUG] motor7046: speed: Motor speed is now: -25
[DEBUG] PWM7046: value: Hardware updated: GPIO 20 is now at 0%
[DEBUG] PWM7046: value: Hardware updated: GPIO 19 is now at 25%
[DEBUG] motor7046: speed: Motor speed is now: -25
[DEBUG] PWM7046: value: Hardware updated: GPIO 23 is now at 1%
[DEBUG] PWM7046: value: Hardware updated: GPIO 24 is now at 0%
[DEBUG] motor7046: speed: Motor speed is now: 1
[DEBUG] PWM7046: value: Hardware updated: GPIO 21 is now at 1%
[DEBUG] PWM7046: value: Hardware updated: GPIO 22 is now at 0%
[DEBUG] motor7046: speed: Motor speed is now: 1
[DEBUG] PWM7046: value: Hardware updated: GPIO 26 is now at 1%
[DEBUG] PWM7046: value: Hardware updated: GPIO 25 is now at 0%
[DEBUG] motor7046: speed: Motor speed is now: 1
[DEBUG] PWM7046: value: Hardware updated: GPIO 20 is now at 1%
[DEBUG] PWM7046: value: Hardware updated: GPIO 19 is now at 0%
[DEBUG] motor7046: speed: Motor speed is now: 1
[DEBUG] PWM7046: value: Hardware updated: GPIO 23 is now at 1%
[DEBUG] PWM7046: value: Hardware updated: GPIO 24 is now at 0%
[DEBUG] motor7046: speed: Motor speed is now: 1
[DEBUG] PWM7046: value: Hardware updated: GPIO 21 is now at 1%
[DEBUG] PWM7046: value: Hardware updated: GPIO 22 is now at 0%
[DEBUG] motor7046: speed: Motor speed is now: 1
[DEBUG] PWM7046: value: Hardware updated: GPIO 26 is now at 1%
[DEBUG] PWM7046: value: Hardware updated: GPIO 25 is now at 0%
[DEBUG] motor7046: speed: Motor speed is now: 1
[DEBUG] PWM7046: value: Hardware updated: GPIO 20 is now at 1%
[DEBUG] PWM7046: value: Hardware updated: GPIO 19 is now at 0%
[DEBUG] motor7046: speed: Motor speed is now: 1
[DEBUG] PWM7046: value: Hardware updated: GPIO 23 is now at 0%
[DEBUG] PWM7046: value: Hardware updated: GPIO 24 is now at 25%
[DEBUG] motor7046: speed: Motor speed is now: -25
[DEBUG] PWM7046: value: Hardware updated: GPIO 21 is now at 0%
[DEBUG] PWM7046: value: Hardware updated: GPIO 22 is now at 25%
[DEBUG] motor7046: speed: Motor speed is now: -25
[DEBUG] PWM7046: value: Hardware updated: GPIO 26 is now at 0%
[DEBUG] PWM7046: value: Hardware updated: GPIO 25 is now at 25%
[DEBUG] motor7046: speed: Motor speed is now: -25
[DEBUG] PWM7046: value: Hardware updated: GPIO 20 is now at 0%
[DEBUG] PWM7046: value: Hardware updated: GPIO 19 is now at 25%
[DEBUG] motor7046: speed: Motor speed is now: -25
[DEBUG] PWM7046: value: Hardware updated: GPIO 23 is now at 1%
[DEBUG] PWM7046: value: Hardware updated: GPIO 24 is now at 0%
[DEBUG] motor7046: speed: Motor speed is now: 1
[DEBUG] PWM7046: value: Hardware updated: GPIO 21 is now at 1%
[DEBUG] PWM7046: value: Hardware updated: GPIO 22 is now at 0%
[DEBUG] motor7046: speed: Motor speed is now: 1
[DEBUG] PWM7046: value: Hardware updated: GPIO 26 is now at 1%
[DEBUG] PWM7046: value: Hardware updated: GPIO 25 is now at 0%
[DEBUG] motor7046: speed: Motor speed is now: 1
[DEBUG] PWM7046: value: Hardware updated: GPIO 20 is now at 1%
[DEBUG] PWM7046: value: Hardware updated: GPIO 19 is now at 0%
[DEBUG] motor7046: speed: Motor speed is now: 1
[DEBUG] PWM7046: value: Hardware updated: GPIO 23 is now at 0%
[DEBUG] PWM7046: value: Hardware updated: GPIO 24 is now at 25%
[DEBUG] motor7046: speed: Motor speed is now: -25
[DEBUG] PWM7046: value: Hardware updated: GPIO 21 is now at 0%
[DEBUG] PWM7046: value: Hardware updated: GPIO 22 is now at 25%
[DEBUG] motor7046: speed: Motor speed is now: -25
[DEBUG] PWM7046: value: Hardware updated: GPIO 26 is now at 0%
[DEBUG] PWM7046: value: Hardware updated: GPIO 25 is now at 25%
[DEBUG] motor7046: speed: Motor speed is now: -25
[DEBUG] PWM7046: value: Hardware updated: GPIO 20 is now at 0%
[DEBUG] PWM7046: value: Hardware updated: GPIO 19 is now at 25%
[DEBUG] motor7046: speed: Motor speed is now: -25
[DEBUG] PWM7046: value: Hardware updated: GPIO 23 is now at 1%
[DEBUG] PWM7046: value: Hardware updated: GPIO 24 is now at 0%
[DEBUG] motor7046: speed: Motor speed is now: 1
[DEBUG] PWM7046: value: Hardware updated: GPIO 21 is now at 1%
[DEBUG] PWM7046: value: Hardware updated: GPIO 22 is now at 0%
[DEBUG] motor7046: speed: Motor speed is now: 1
[DEBUG] PWM7046: value: Hardware updated: GPIO 26 is now at 1%
[DEBUG] PWM7046: value: Hardware updated: GPIO 25 is now at 0%
[DEBUG] motor7046: speed: Motor speed is now: 1
[DEBUG] PWM7046: value: Hardware updated: GPIO 20 is now at 1%
[DEBUG] PWM7046: value: Hardware updated: GPIO 19 is now at 0%
[DEBUG] motor7046: speed: Motor speed is now: 1
[DEBUG] PWM7046: value: Hardware updated: GPIO 23 is now at 0%
[DEBUG] PWM7046: value: Hardware updated: GPIO 24 is now at 25%
[DEBUG] motor7046: speed: Motor speed is now: -25
[DEBUG] PWM7046: value: Hardware updated: GPIO 21 is now at 0%
[DEBUG] PWM7046: value: Hardware updated: GPIO 22 is now at 25%
[DEBUG] motor7046: speed: Motor speed is now: -25
[DEBUG] PWM7046: value: Hardware updated: GPIO 26 is now at 0%
[DEBUG] PWM7046: value: Hardware updated: GPIO 25 is now at 25%
[DEBUG] motor7046: speed: Motor speed is now: -25
[DEBUG] PWM7046: value: Hardware updated: GPIO 20 is now at 0%
[DEBUG] PWM7046: value: Hardware updated: GPIO 19 is now at 25%
[DEBUG] motor7046: speed: Motor speed is now: -25
[DEBUG] PWM7046: value: Hardware updated: GPIO 23 is now at 1%
[DEBUG] PWM7046: value: Hardware updated: GPIO 24 is now at 0%
[DEBUG] motor7046: speed: Motor speed is now: 1
[DEBUG] PWM7046: value: Hardware updated: GPIO 21 is now at 1%
[DEBUG] PWM7046: value: Hardware updated: GPIO 22 is now at 0%
[DEBUG] motor7046: speed: Motor speed is now: 1
[DEBUG] PWM7046: value: Hardware updated: GPIO 26 is now at 1%
[DEBUG] PWM7046: value: Hardware updated: GPIO 25 is now at 0%
[DEBUG] motor7046: speed: Motor speed is now: 1
[DEBUG] PWM7046: value: Hardware updated: GPIO 20 is now at 1%
[DEBUG] PWM7046: value: Hardware updated: GPIO 19 is now at 0%
[DEBUG] motor7046: speed: Motor speed is now: 1
[DEBUG] PWM7046: value: Hardware updated: GPIO 23 is now at 0%
[DEBUG] PWM7046: value: Hardware updated: GPIO 24 is now at 25%
[DEBUG] motor7046: speed: Motor speed is now: -25
[DEBUG] PWM7046: value: Hardware updated: GPIO 21 is now at 0%
[DEBUG] PWM7046: value: Hardware updated: GPIO 22 is now at 25%
[DEBUG] motor7046: speed: Motor speed is now: -25
[DEBUG] PWM7046: value: Hardware updated: GPIO 26 is now at 0%
[DEBUG] PWM7046: value: Hardware updated: GPIO 25 is now at 25%
[DEBUG] motor7046: speed: Motor speed is now: -25
[DEBUG] PWM7046: value: Hardware updated: GPIO 20 is now at 0%
[DEBUG] PWM7046: value: Hardware updated: GPIO 19 is now at 25%
[DEBUG] motor7046: speed: Motor speed is now: -25
[DEBUG] PWM7046: value: Hardware updated: GPIO 23 is now at 1%
[DEBUG] PWM7046: value: Hardware updated: GPIO 24 is now at 0%
[DEBUG] motor7046: speed: Motor speed is now: 1
[DEBUG] PWM7046: value: Hardware updated: GPIO 21 is now at 1%
[DEBUG] PWM7046: value: Hardware updated: GPIO 22 is now at 0%
[DEBUG] motor7046: speed: Motor speed is now: 1
[DEBUG] PWM7046: value: Hardware updated: GPIO 26 is now at 1%
[DEBUG] PWM7046: value: Hardware updated: GPIO 25 is now at 0%
[DEBUG] motor7046: speed: Motor speed is now: 1
[DEBUG] PWM7046: value: Hardware updated: GPIO 20 is now at 1%
[DEBUG] PWM7046: value: Hardware updated: GPIO 19 is now at 0%
[DEBUG] motor7046: speed: Motor speed is now: 1
[DEBUG] PWM7046: value: Hardware updated: GPIO 23 is now at 0%
[DEBUG] PWM7046: value: Hardware updated: GPIO 24 is now at 25%
[DEBUG] motor7046: speed: Motor speed is now: -25
[DEBUG] PWM7046: value: Hardware updated: GPIO 21 is now at 0%
[DEBUG] PWM7046: value: Hardware updated: GPIO 22 is now at 25%
[DEBUG] motor7046: speed: Motor speed is now: -25
[DEBUG] PWM7046: value: Hardware updated: GPIO 26 is now at 0%
[DEBUG] PWM7046: value: Hardware updated: GPIO 25 is now at 25%
[DEBUG] motor7046: speed: Motor speed is now: -25
[DEBUG] PWM7046: value: Hardware updated: GPIO 20 is now at 0%
[DEBUG] PWM7046: value: Hardware updated: GPIO 19 is now at 25%
[DEBUG] motor7046: speed: Motor speed is now: -25
[DEBUG] PWM7046: value: Hardware updated: GPIO 23 is now at 1%
[DEBUG] PWM7046: value: Hardware updated: GPIO 24 is now at 0%
[DEBUG] motor7046: speed: Motor speed is now: 1
[DEBUG] PWM7046: value: Hardware updated: GPIO 21 is now at 1%
[DEBUG] PWM7046: value: Hardware updated: GPIO 22 is now at 0%
[DEBUG] motor7046: speed: Motor speed is now: 1
[DEBUG] PWM7046: value: Hardware updated: GPIO 26 is now at 1%
[DEBUG] PWM7046: value: Hardware updated: GPIO 25 is now at 0%
[DEBUG] motor7046: speed: Motor speed is now: 1
[DEBUG] PWM7046: value: Hardware updated: GPIO 20 is now at 1%
[DEBUG] PWM7046: value: Hardware updated: GPIO 19 is now at 0%
[DEBUG] motor7046: speed: Motor speed is now: 1
[DEBUG] PWM7046: value: Hardware updated: GPIO 23 is now at 0%
[DEBUG] PWM7046: value: Hardware updated: GPIO 24 is now at 25%
[DEBUG] motor7046: speed: Motor speed is now: -25
[DEBUG] PWM7046: value: Hardware updated: GPIO 21 is now at 0%
[DEBUG] PWM7046: value: Hardware updated: GPIO 22 is now at 25%
[DEBUG] motor7046: speed: Motor speed is now: -25
[DEBUG] PWM7046: value: Hardware updated: GPIO 26 is now at 0%
[DEBUG] PWM7046: value: Hardware updated: GPIO 25 is now at 25%
[DEBUG] motor7046: speed: Motor speed is now: -25
[DEBUG] PWM7046: value: Hardware updated: GPIO 20 is now at 0%
[DEBUG] PWM7046: value: Hardware updated: GPIO 19 is now at 25%
[DEBUG] motor7046: speed: Motor speed is now: -25
[DEBUG] PWM7046: value: Hardware updated: GPIO 23 is now at 1%
[DEBUG] PWM7046: value: Hardware updated: GPIO 24 is now at 0%
[DEBUG] motor7046: speed: Motor speed is now: 1
[DEBUG] PWM7046: value: Hardware updated: GPIO 21 is now at 1%
[DEBUG] PWM7046: value: Hardware updated: GPIO 22 is now at 0%
[DEBUG] motor7046: speed: Motor speed is now: 1
[DEBUG] PWM7046: value: Hardware updated: GPIO 26 is now at 1%
[DEBUG] PWM7046: value: Hardware updated: GPIO 25 is now at 0%
[DEBUG] motor7046: speed: Motor speed is now: 1
[DEBUG] PWM7046: value: Hardware updated: GPIO 20 is now at 1%
[DEBUG] PWM7046: value: Hardware updated: GPIO 19 is now at 0%
[DEBUG] motor7046: speed: Motor speed is now: 1
[DEBUG] PWM7046: value: Hardware updated: GPIO 23 is now at 0%
[DEBUG] PWM7046: value: Hardware updated: GPIO 24 is now at 25%
[DEBUG] motor7046: speed: Motor speed is now: -25
[DEBUG] PWM7046: value: Hardware updated: GPIO 21 is now at 0%
[DEBUG] PWM7046: value: Hardware updated: GPIO 22 is now at 25%
[DEBUG] motor7046: speed: Motor speed is now: -25
[DEBUG] PWM7046: value: Hardware updated: GPIO 26 is now at 0%
[DEBUG] PWM7046: value: Hardware updated: GPIO 25 is now at 25%
[DEBUG] motor7046: speed: Motor speed is now: -25
[DEBUG] PWM7046: value: Hardware updated: GPIO 20 is now at 0%
[DEBUG] PWM7046: value: Hardware updated: GPIO 19 is now at 25%
[DEBUG] motor7046: speed: Motor speed is now: -25
[DEBUG] PWM7046: value: Hardware updated: GPIO 23 is now at 1%
[DEBUG] PWM7046: value: Hardware updated: GPIO 24 is now at 0%
[DEBUG] motor7046: speed: Motor speed is now: 1
[DEBUG] PWM7046: value: Hardware updated: GPIO 21 is now at 1%
[DEBUG] PWM7046: value: Hardware updated: GPIO 22 is now at 0%
[DEBUG] motor7046: speed: Motor speed is now: 1
[DEBUG] PWM7046: value: Hardware updated: GPIO 26 is now at 1%
[DEBUG] PWM7046: value: Hardware updated: GPIO 25 is now at 0%
[DEBUG] motor7046: speed: Motor speed is now: 1
[DEBUG] PWM7046: value: Hardware updated: GPIO 20 is now at 1%
[DEBUG] PWM7046: value: Hardware updated: GPIO 19 is now at 0%
[DEBUG] motor7046: speed: Motor speed is now: 1
[DEBUG] PWM7046: value: Hardware updated: GPIO 23 is now at 0%
[DEBUG] PWM7046: value: Hardware updated: GPIO 24 is now at 25%
[DEBUG] motor7046: speed: Motor speed is now: -25
[DEBUG] PWM7046: value: Hardware updated: GPIO 21 is now at 0%
[DEBUG] PWM7046: value: Hardware updated: GPIO 22 is now at 25%
[DEBUG] motor7046: speed: Motor speed is now: -25
[DEBUG] PWM7046: value: Hardware updated: GPIO 26 is now at 0%
[DEBUG] PWM7046: value: Hardware updated: GPIO 25 is now at 25%
[DEBUG] motor7046: speed: Motor speed is now: -25
[DEBUG] PWM7046: value: Hardware updated: GPIO 20 is now at 0%
[DEBUG] PWM7046: value: Hardware updated: GPIO 19 is now at 25%
[DEBUG] motor7046: speed: Motor speed is now: -25
[DEBUG] PWM7046: value: Hardware updated: GPIO 23 is now at 1%
[DEBUG] PWM7046: value: Hardware updated: GPIO 24 is now at 0%
[DEBUG] motor7046: speed: Motor speed is now: 1
[DEBUG] PWM7046: value: Hardware updated: GPIO 21 is now at 1%
[DEBUG] PWM7046: value: Hardware updated: GPIO 22 is now at 0%
[DEBUG] motor7046: speed: Motor speed is now: 1
[DEBUG] PWM7046: value: Hardware updated: GPIO 26 is now at 1%
[DEBUG] PWM7046: value: Hardware updated: GPIO 25 is now at 0%
[DEBUG] motor7046: speed: Motor speed is now: 1
[DEBUG] PWM7046: value: Hardware updated: GPIO 20 is now at 1%
[DEBUG] PWM7046: value: Hardware updated: GPIO 19 is now at 0%
[DEBUG] motor7046: speed: Motor speed is now: 1
[DEBUG] PWM7046: value: Hardware updated: GPIO 23 is now at 0%
[DEBUG] PWM7046: value: Hardware updated: GPIO 24 is now at 25%
[DEBUG] motor7046: speed: Motor speed is now: -25
[DEBUG] PWM7046: value: Hardware updated: GPIO 21 is now at 0%
[DEBUG] PWM7046: value: Hardware updated: GPIO 22 is now at 25%
[DEBUG] motor7046: speed: Motor speed is now: -25
[DEBUG] PWM7046: value: Hardware updated: GPIO 26 is now at 0%
[DEBUG] PWM7046: value: Hardware updated: GPIO 25 is now at 25%
[DEBUG] motor7046: speed: Motor speed is now: -25
[DEBUG] PWM7046: value: Hardware updated: GPIO 20 is now at 0%
[DEBUG] PWM7046: value: Hardware updated: GPIO 19 is now at 25%
[DEBUG] motor7046: speed: Motor speed is now: -25
[DEBUG] PWM7046: value: Hardware updated: GPIO 23 is now at 1%
[DEBUG] PWM7046: value: Hardware updated: GPIO 24 is now at 0%
[DEBUG] motor7046: speed: Motor speed is now: 1
[DEBUG] PWM7046: value: Hardware updated: GPIO 21 is now at 1%
[DEBUG] PWM7046: value: Hardware updated: GPIO 22 is now at 0%
[DEBUG] motor7046: speed: Motor speed is now: 1
[DEBUG] PWM7046: value: Hardware updated: GPIO 26 is now at 1%
[DEBUG] PWM7046: value: Hardware updated: GPIO 25 is now at 0%
[DEBUG] motor7046: speed: Motor speed is now: 1
[DEBUG] PWM7046: value: Hardware updated: GPIO 20 is now at 1%
[DEBUG] PWM7046: value: Hardware updated: GPIO 19 is now at 0%
[DEBUG] motor7046: speed: Motor speed is now: 1
[DEBUG] PWM7046: value: Hardware updated: GPIO 23 is now at 0%
[DEBUG] PWM7046: value: Hardware updated: GPIO 24 is now at 25%
[DEBUG] motor7046: speed: Motor speed is now: -25
[DEBUG] PWM7046: value: Hardware updated: GPIO 21 is now at 0%
[DEBUG] PWM7046: value: Hardware updated: GPIO 22 is now at 25%
[DEBUG] motor7046: speed: Motor speed is now: -25
[DEBUG] PWM7046: value: Hardware updated: GPIO 26 is now at 0%
[DEBUG] PWM7046: value: Hardware updated: GPIO 25 is now at 25%
[DEBUG] motor7046: speed: Motor speed is now: -25
[DEBUG] PWM7046: value: Hardware updated: GPIO 20 is now at 0%
[DEBUG] PWM7046: value: Hardware updated: GPIO 19 is now at 25%
[DEBUG] motor7046: speed: Motor speed is now: -25
[DEBUG] PWM7046: value: Hardware updated: GPIO 23 is now at 1%
[DEBUG] PWM7046: value: Hardware updated: GPIO 24 is now at 0%
[DEBUG] motor7046: speed: Motor speed is now: 1
[DEBUG] PWM7046: value: Hardware updated: GPIO 21 is now at 1%
[DEBUG] PWM7046: value: Hardware updated: GPIO 22 is now at 0%
[DEBUG] motor7046: speed: Motor speed is now: 1
[DEBUG] PWM7046: value: Hardware updated: GPIO 26 is now at 1%
[DEBUG] PWM7046: value: Hardware updated: GPIO 25 is now at 0%
[DEBUG] motor7046: speed: Motor speed is now: 1
[DEBUG] PWM7046: value: Hardware updated: GPIO 20 is now at 1%
[DEBUG] PWM7046: value: Hardware updated: GPIO 19 is now at 0%
[DEBUG] motor7046: speed: Motor speed is now: 1
[DEBUG] PWM7046: value: Hardware updated: GPIO 23 is now at 0%
[DEBUG] PWM7046: value: Hardware updated: GPIO 24 is now at 25%
[DEBUG] motor7046: speed: Motor speed is now: -25
[DEBUG] PWM7046: value: Hardware updated: GPIO 21 is now at 0%
[DEBUG] PWM7046: value: Hardware updated: GPIO 22 is now at 25%
[DEBUG] motor7046: speed: Motor speed is now: -25
[DEBUG] PWM7046: value: Hardware updated: GPIO 26 is now at 0%
[DEBUG] PWM7046: value: Hardware updated: GPIO 25 is now at 25%
[DEBUG] motor7046: speed: Motor speed is now: -25
[DEBUG] PWM7046: value: Hardware updated: GPIO 20 is now at 0%
[DEBUG] PWM7046: value: Hardware updated: GPIO 19 is now at 25%
[DEBUG] motor7046: speed: Motor speed is now: -25
[DEBUG] PWM7046: value: Hardware updated: GPIO 23 is now at 1%
[DEBUG] PWM7046: value: Hardware updated: GPIO 24 is now at 0%
[DEBUG] motor7046: speed: Motor speed is now: 1
[DEBUG] PWM7046: value: Hardware updated: GPIO 21 is now at 1%
[DEBUG] PWM7046: value: Hardware updated: GPIO 22 is now at 0%
[DEBUG] motor7046: speed: Motor speed is now: 1
[DEBUG] PWM7046: value: Hardware updated: GPIO 26 is now at 1%
[DEBUG] PWM7046: value: Hardware updated: GPIO 25 is now at 0%
[DEBUG] motor7046: speed: Motor speed is now: 1
[DEBUG] PWM7046: value: Hardware updated: GPIO 20 is now at 1%
[DEBUG] PWM7046: value: Hardware updated: GPIO 19 is now at 0%
[DEBUG] motor7046: speed: Motor speed is now: 1
[DEBUG] PWM7046: value: Hardware updated: GPIO 23 is now at 0%
[DEBUG] PWM7046: value: Hardware updated: GPIO 24 is now at 25%
[DEBUG] motor7046: speed: Motor speed is now: -25
[DEBUG] PWM7046: value: Hardware updated: GPIO 21 is now at 0%
[DEBUG] PWM7046: value: Hardware updated: GPIO 22 is now at 25%
[DEBUG] motor7046: speed: Motor speed is now: -25
[DEBUG] PWM7046: value: Hardware updated: GPIO 26 is now at 0%
[DEBUG] PWM7046: value: Hardware updated: GPIO 25 is now at 25%
[DEBUG] motor7046: speed: Motor speed is now: -25
[DEBUG] PWM7046: value: Hardware updated: GPIO 20 is now at 0%
[DEBUG] PWM7046: value: Hardware updated: GPIO 19 is now at 25%
[DEBUG] motor7046: speed: Motor speed is now: -25
